// Jest Snapshot v1, https://goo.gl/fbAQLP

exports[`<HeaderLoggeed/> should render header logged correctly 1`] = `
<div class="flex items-center justify-between w-4/5 max-w-6xl py-10">
  <div class="w-28 lg:w-36"><img class="w-full cursor-pointer" src="" alt="logo"></div>
  <div class="flex">
    <ul class="flex list-none">
      <li class="px-6 py-2 mr-2 font-bold text-white rounded-full cursor-pointer focus:outline-none"> Credenciais </li>
      <li class="px-6 py-2 mr-2 font-bold text-white rounded-full cursor-pointer focus:outline-none"> Feedbacks </li>
      <li id="logout-button" class="px-6 py-2 font-bold text-brand-main bg-white rounded-full cursor-pointer focus:outline-none">...</li>
    </ul>
  </div>
</div>
`;
